coid/bcafinance/mgaspringfinalexam/repo/PrivilegeRepository.class
coid/bcafinance/mgaspringfinalexam/ServiceV2/RekeningKoranServiceV2.class
coid/bcafinance/mgaspringfinalexam/controller/storage/StorageException.class
coid/bcafinance/mgaspringfinalexam/handler/ApiValidationError.class
coid/bcafinance/mgaspringfinalexam/core/security/SecurityConfiguration.class
coid/bcafinance/mgaspringfinalexam/controller/storage/StorageProperties.class
coid/bcafinance/mgaspringfinalexam/configuration/SMTPConfig.class
coid/bcafinance/mgaspringfinalexam/controller/storage/StorageFileNotFoundException.class
coid/bcafinance/mgaspringfinalexam/dto/RegisterDTO.class
coid/bcafinance/mgaspringfinalexam/core/SMTPCore$2.class
coid/bcafinance/mgaspringfinalexam/configuration/OtherConfig.class
coid/bcafinance/mgaspringfinalexam/service/FileService.class
coid/bcafinance/mgaspringfinalexam/core/security/coba.class
coid/bcafinance/mgaspringfinalexam/repo/RekeningKoranRepository.class
coid/bcafinance/mgaspringfinalexam/service/UserService.class
coid/bcafinance/mgaspringfinalexam/model/Role.class
coid/bcafinance/mgaspringfinalexam/controller/storage/StorageService.class
coid/bcafinance/mgaspringfinalexam/controller/RekeningKoranController.class
coid/bcafinance/mgaspringfinalexam/RepositoryV2/RekeningKoranRepositoryV2.class
coid/bcafinance/mgaspringfinalexam/handler/ResponseHandler.class
coid/bcafinance/mgaspringfinalexam/dto/OtpVerificationRequestDTO.class
coid/bcafinance/mgaspringfinalexam/repo/DataRekeningKoranRepository.class
coid/bcafinance/mgaspringfinalexam/controller/AuthController$1.class
coid/bcafinance/mgaspringfinalexam/core/SMTPCore.class
coid/bcafinance/mgaspringfinalexam/handler/JwtAuthenticationEntryPoint.class
coid/bcafinance/mgaspringfinalexam/handler/ApiError.class
coid/bcafinance/mgaspringfinalexam/core/security/JwtUtility.class
coid/bcafinance/mgaspringfinalexam/controller/AuthController.class
coid/bcafinance/mgaspringfinalexam/handler/RequestCapture.class
coid/bcafinance/mgaspringfinalexam/controller/storage/FileSystemStorageService.class
coid/bcafinance/mgaspringfinalexam/core/security/JwtFilter.class
coid/bcafinance/mgaspringfinalexam/model/User.class
coid/bcafinance/mgaspringfinalexam/service/DataRekeningKoranService.class
coid/bcafinance/mgaspringfinalexam/dto/LoginDTO.class
coid/bcafinance/mgaspringfinalexam/handler/GlobalExceptionHandler.class
coid/bcafinance/mgaspringfinalexam/core/AESGeneratedKey.class
coid/bcafinance/mgaspringfinalexam/model/Privilege.class
coid/bcafinance/mgaspringfinalexam/controller/RoleAndPrivilegeController.class
coid/bcafinance/mgaspringfinalexam/model/RekeningKoran.class
coid/bcafinance/mgaspringfinalexam/dto/OtpDto.class
coid/bcafinance/mgaspringfinalexam/repo/UserRepo.class
coid/bcafinance/mgaspringfinalexam/ServiceV2/RekeningKoranSpecifications.class
coid/bcafinance/mgaspringfinalexam/controller/UserManagementController.class
coid/bcafinance/mgaspringfinalexam/core/Crypto.class
coid/bcafinance/mgaspringfinalexam/service/RekeningKoranService.class
coid/bcafinance/mgaspringfinalexam/service/UserManagementService.class
coid/bcafinance/mgaspringfinalexam/configuration/RestTemplateConfig.class
coid/bcafinance/mgaspringfinalexam/repo/FileRepository.class
coid/bcafinance/mgaspringfinalexam/util/LoggingFile.class
coid/bcafinance/mgaspringfinalexam/configuration/MyHttpServletRequestWrapper$1.class
coid/bcafinance/mgaspringfinalexam/util/ExecuteSMTP.class
coid/bcafinance/mgaspringfinalexam/MgaspringfinalexamApplication.class
coid/bcafinance/mgaspringfinalexam/controller/AuthController$2.class
coid/bcafinance/mgaspringfinalexam/core/BcryptImpl.class
coid/bcafinance/mgaspringfinalexam/service/RoleService.class
coid/bcafinance/mgaspringfinalexam/core/SMTPCore$1.class
coid/bcafinance/mgaspringfinalexam/util/ReadTextFileSB.class
coid/bcafinance/mgaspringfinalexam/model/DataRekeningKoran.class
coid/bcafinance/mgaspringfinalexam/model/FileEntity.class
coid/bcafinance/mgaspringfinalexam/dto/RoleAssignmentDTO.class
coid/bcafinance/mgaspringfinalexam/service/CustomUserDetailsService.class
coid/bcafinance/mgaspringfinalexam/core/BcryptCustom.class
coid/bcafinance/mgaspringfinalexam/configuration/MyHttpServletRequestWrapper.class
coid/bcafinance/mgaspringfinalexam/controller/DataRekeningKoranController.class
coid/bcafinance/mgaspringfinalexam/model/RoleName.class
coid/bcafinance/mgaspringfinalexam/dto/UploadCsvDTO.class
coid/bcafinance/mgaspringfinalexam/core/IService.class
coid/bcafinance/mgaspringfinalexam/repo/RoleRepository.class
coid/bcafinance/mgaspringfinalexam/configuration/MainConfig.class
coid/bcafinance/mgaspringfinalexam/service/PrivilegeService.class
