/home/gusanwa/AA_Programming/BCAF_project/mgaspringfinalexam/src/main/java/coid/bcafinance/mgaspringfinalexam/dto/OtpVerificationRequestDTO.java
/home/gusanwa/AA_Programming/BCAF_project/mgaspringfinalexam/src/main/java/coid/bcafinance/mgaspringfinalexam/util/ReadTextFileSB.java
/home/gusanwa/AA_Programming/BCAF_project/mgaspringfinalexam/src/main/java/coid/bcafinance/mgaspringfinalexam/handler/ApiError.java
/home/gusanwa/AA_Programming/BCAF_project/mgaspringfinalexam/src/main/java/coid/bcafinance/mgaspringfinalexam/handler/GlobalExceptionHandler.java
/home/gusanwa/AA_Programming/BCAF_project/mgaspringfinalexam/src/main/java/coid/bcafinance/mgaspringfinalexam/model/Privilege.java
/home/gusanwa/AA_Programming/BCAF_project/mgaspringfinalexam/src/main/java/coid/bcafinance/mgaspringfinalexam/dto/OtpDto.java
/home/gusanwa/AA_Programming/BCAF_project/mgaspringfinalexam/src/main/java/coid/bcafinance/mgaspringfinalexam/dto/RoleAssignmentDTO.java
/home/gusanwa/AA_Programming/BCAF_project/mgaspringfinalexam/src/main/java/coid/bcafinance/mgaspringfinalexam/ServiceV2/RekeningKoranSpecifications.java
/home/gusanwa/AA_Programming/BCAF_project/mgaspringfinalexam/src/main/java/coid/bcafinance/mgaspringfinalexam/dto/LoginDTO.java
/home/gusanwa/AA_Programming/BCAF_project/mgaspringfinalexam/src/main/java/coid/bcafinance/mgaspringfinalexam/controller/AuthController.java
/home/gusanwa/AA_Programming/BCAF_project/mgaspringfinalexam/src/main/java/coid/bcafinance/mgaspringfinalexam/setup/SetupDataLoader.java
/home/gusanwa/AA_Programming/BCAF_project/mgaspringfinalexam/src/main/java/coid/bcafinance/mgaspringfinalexam/model/RoleName.java
/home/gusanwa/AA_Programming/BCAF_project/mgaspringfinalexam/src/main/java/coid/bcafinance/mgaspringfinalexam/util/LoggingFile.java
/home/gusanwa/AA_Programming/BCAF_project/mgaspringfinalexam/src/main/java/coid/bcafinance/mgaspringfinalexam/configuration/RestTemplateConfig.java
/home/gusanwa/AA_Programming/BCAF_project/mgaspringfinalexam/src/main/java/coid/bcafinance/mgaspringfinalexam/handler/ResponseHandler.java
/home/gusanwa/AA_Programming/BCAF_project/mgaspringfinalexam/src/main/java/coid/bcafinance/mgaspringfinalexam/configuration/WebConfig.java
/home/gusanwa/AA_Programming/BCAF_project/mgaspringfinalexam/src/main/java/coid/bcafinance/mgaspringfinalexam/model/DataRekeningKoran.java
/home/gusanwa/AA_Programming/BCAF_project/mgaspringfinalexam/src/main/java/coid/bcafinance/mgaspringfinalexam/configuration/MainConfig.java
/home/gusanwa/AA_Programming/BCAF_project/mgaspringfinalexam/src/main/java/coid/bcafinance/mgaspringfinalexam/util/ExecuteSMTP.java
/home/gusanwa/AA_Programming/BCAF_project/mgaspringfinalexam/src/main/java/coid/bcafinance/mgaspringfinalexam/core/BcryptCustom.java
/home/gusanwa/AA_Programming/BCAF_project/mgaspringfinalexam/src/main/java/coid/bcafinance/mgaspringfinalexam/controller/RoleAndPrivilegeController.java
/home/gusanwa/AA_Programming/BCAF_project/mgaspringfinalexam/src/main/java/coid/bcafinance/mgaspringfinalexam/configuration/OtherConfig.java
/home/gusanwa/AA_Programming/BCAF_project/mgaspringfinalexam/src/main/java/coid/bcafinance/mgaspringfinalexam/MgaspringfinalexamApplication.java
/home/gusanwa/AA_Programming/BCAF_project/mgaspringfinalexam/src/main/java/coid/bcafinance/mgaspringfinalexam/controller/storage/StorageProperties.java
/home/gusanwa/AA_Programming/BCAF_project/mgaspringfinalexam/src/main/java/coid/bcafinance/mgaspringfinalexam/core/security/coba.java
/home/gusanwa/AA_Programming/BCAF_project/mgaspringfinalexam/src/main/java/coid/bcafinance/mgaspringfinalexam/RepositoryV2/RekeningKoranRepositoryV2.java
/home/gusanwa/AA_Programming/BCAF_project/mgaspringfinalexam/src/main/java/coid/bcafinance/mgaspringfinalexam/service/CustomUserDetailsService.java
/home/gusanwa/AA_Programming/BCAF_project/mgaspringfinalexam/src/main/java/coid/bcafinance/mgaspringfinalexam/controller/UserManagementController.java
/home/gusanwa/AA_Programming/BCAF_project/mgaspringfinalexam/src/main/java/coid/bcafinance/mgaspringfinalexam/model/Role.java
/home/gusanwa/AA_Programming/BCAF_project/mgaspringfinalexam/src/main/java/coid/bcafinance/mgaspringfinalexam/core/BcryptImpl.java
/home/gusanwa/AA_Programming/BCAF_project/mgaspringfinalexam/src/main/java/coid/bcafinance/mgaspringfinalexam/model/RekeningKoran.java
/home/gusanwa/AA_Programming/BCAF_project/mgaspringfinalexam/src/main/java/coid/bcafinance/mgaspringfinalexam/repo/FileRepository.java
/home/gusanwa/AA_Programming/BCAF_project/mgaspringfinalexam/src/main/java/coid/bcafinance/mgaspringfinalexam/service/UserManagementService.java
/home/gusanwa/AA_Programming/BCAF_project/mgaspringfinalexam/src/main/java/coid/bcafinance/mgaspringfinalexam/handler/RequestCapture.java
/home/gusanwa/AA_Programming/BCAF_project/mgaspringfinalexam/src/main/java/coid/bcafinance/mgaspringfinalexam/repo/UserRepo.java
/home/gusanwa/AA_Programming/BCAF_project/mgaspringfinalexam/src/main/java/coid/bcafinance/mgaspringfinalexam/model/User.java
/home/gusanwa/AA_Programming/BCAF_project/mgaspringfinalexam/src/main/java/coid/bcafinance/mgaspringfinalexam/dto/UploadCsvDTO.java
/home/gusanwa/AA_Programming/BCAF_project/mgaspringfinalexam/src/main/java/coid/bcafinance/mgaspringfinalexam/service/FileService.java
/home/gusanwa/AA_Programming/BCAF_project/mgaspringfinalexam/src/main/java/coid/bcafinance/mgaspringfinalexam/controller/storage/StorageFileNotFoundException.java
/home/gusanwa/AA_Programming/BCAF_project/mgaspringfinalexam/src/main/java/coid/bcafinance/mgaspringfinalexam/handler/ApiValidationError.java
/home/gusanwa/AA_Programming/BCAF_project/mgaspringfinalexam/src/main/java/coid/bcafinance/mgaspringfinalexam/ServiceV2/RekeningKoranServiceV2.java
/home/gusanwa/AA_Programming/BCAF_project/mgaspringfinalexam/src/main/java/coid/bcafinance/mgaspringfinalexam/repo/PrivilegeRepository.java
/home/gusanwa/AA_Programming/BCAF_project/mgaspringfinalexam/src/main/java/coid/bcafinance/mgaspringfinalexam/service/RoleService.java
/home/gusanwa/AA_Programming/BCAF_project/mgaspringfinalexam/src/main/java/coid/bcafinance/mgaspringfinalexam/model/FileEntity.java
/home/gusanwa/AA_Programming/BCAF_project/mgaspringfinalexam/src/main/java/coid/bcafinance/mgaspringfinalexam/core/AESGeneratedKey.java
/home/gusanwa/AA_Programming/BCAF_project/mgaspringfinalexam/src/main/java/coid/bcafinance/mgaspringfinalexam/repo/DataRekeningKoranRepository.java
/home/gusanwa/AA_Programming/BCAF_project/mgaspringfinalexam/src/main/java/coid/bcafinance/mgaspringfinalexam/repo/RekeningKoranRepository.java
/home/gusanwa/AA_Programming/BCAF_project/mgaspringfinalexam/src/main/java/coid/bcafinance/mgaspringfinalexam/service/UserService.java
/home/gusanwa/AA_Programming/BCAF_project/mgaspringfinalexam/src/main/java/coid/bcafinance/mgaspringfinalexam/core/security/SecurityConfiguration.java
/home/gusanwa/AA_Programming/BCAF_project/mgaspringfinalexam/src/main/java/coid/bcafinance/mgaspringfinalexam/service/DataRekeningKoranService.java
/home/gusanwa/AA_Programming/BCAF_project/mgaspringfinalexam/src/main/java/coid/bcafinance/mgaspringfinalexam/controller/storage/StorageException.java
/home/gusanwa/AA_Programming/BCAF_project/mgaspringfinalexam/src/main/java/coid/bcafinance/mgaspringfinalexam/core/security/JwtFilter.java
/home/gusanwa/AA_Programming/BCAF_project/mgaspringfinalexam/src/main/java/coid/bcafinance/mgaspringfinalexam/core/SMTPCore.java
/home/gusanwa/AA_Programming/BCAF_project/mgaspringfinalexam/src/main/java/coid/bcafinance/mgaspringfinalexam/controller/storage/StorageService.java
/home/gusanwa/AA_Programming/BCAF_project/mgaspringfinalexam/src/main/java/coid/bcafinance/mgaspringfinalexam/core/IService.java
/home/gusanwa/AA_Programming/BCAF_project/mgaspringfinalexam/src/main/java/coid/bcafinance/mgaspringfinalexam/service/PrivilegeService.java
/home/gusanwa/AA_Programming/BCAF_project/mgaspringfinalexam/src/main/java/coid/bcafinance/mgaspringfinalexam/handler/JwtAuthenticationEntryPoint.java
/home/gusanwa/AA_Programming/BCAF_project/mgaspringfinalexam/src/main/java/coid/bcafinance/mgaspringfinalexam/controller/DataRekeningKoranController.java
/home/gusanwa/AA_Programming/BCAF_project/mgaspringfinalexam/src/main/java/coid/bcafinance/mgaspringfinalexam/dto/RegisterDTO.java
/home/gusanwa/AA_Programming/BCAF_project/mgaspringfinalexam/src/main/java/coid/bcafinance/mgaspringfinalexam/core/security/JwtUtility.java
/home/gusanwa/AA_Programming/BCAF_project/mgaspringfinalexam/src/main/java/coid/bcafinance/mgaspringfinalexam/repo/RoleRepository.java
/home/gusanwa/AA_Programming/BCAF_project/mgaspringfinalexam/src/main/java/coid/bcafinance/mgaspringfinalexam/configuration/MyHttpServletRequestWrapper.java
/home/gusanwa/AA_Programming/BCAF_project/mgaspringfinalexam/src/main/java/coid/bcafinance/mgaspringfinalexam/configuration/WebSecurityConfig.java
/home/gusanwa/AA_Programming/BCAF_project/mgaspringfinalexam/src/main/java/coid/bcafinance/mgaspringfinalexam/controller/storage/FileSystemStorageService.java
/home/gusanwa/AA_Programming/BCAF_project/mgaspringfinalexam/src/main/java/coid/bcafinance/mgaspringfinalexam/controller/RekeningKoranController.java
/home/gusanwa/AA_Programming/BCAF_project/mgaspringfinalexam/src/main/java/coid/bcafinance/mgaspringfinalexam/service/RekeningKoranService.java
/home/gusanwa/AA_Programming/BCAF_project/mgaspringfinalexam/src/main/java/coid/bcafinance/mgaspringfinalexam/core/Crypto.java
/home/gusanwa/AA_Programming/BCAF_project/mgaspringfinalexam/src/main/java/coid/bcafinance/mgaspringfinalexam/configuration/CorsFilter.java
/home/gusanwa/AA_Programming/BCAF_project/mgaspringfinalexam/src/main/java/coid/bcafinance/mgaspringfinalexam/configuration/SMTPConfig.java
